C51 COMPILER V9.60.0.0   ASCII_PORT                                                        10/18/2020 11:59:49 PAGE 1   


C51 COMPILER V9.60.0.0, COMPILATION OF MODULE ASCII_PORT
OBJECT MODULE PLACED IN .\Objects\ASCII_port.obj
COMPILER INVOKED BY: D:\Keil\C51\BIN\C51.EXE ASCII_port.c OPTIMIZE(8,SPEED) BROWSE DEBUG OBJECTEXTEND PRINT(.\Listings\A
                    -SCII_port.lst) TABS(2) OBJECT(.\Objects\ASCII_port.obj)

line level    source

   1          #include<reg51.h>
   2          void delay(unsigned int count){
   3   1      unsigned int k;
   4   1        while(count){
   5   2        k=115;
   6   2          while(k>0)
   7   2             k--;
   8   2      count--;
   9   2          }
  10   1      
  11   1      }
  12          void main(){
  13   1      unsigned char val[]="012345ABC";
  14   1      unsigned char i;
  15   1      for(i=0;i<=9;i++){
  16   2      P2=val[i];
  17   2      delay(1000);
  18   2      }
  19   1      
  20   1      
  21   1      
  22   1      
  23   1      
  24   1      
  25   1      }


MODULE INFORMATION:   STATIC OVERLAYABLE
   CODE SIZE        =     74    ----
   CONSTANT SIZE    =     10    ----
   XDATA SIZE       =   ----    ----
   PDATA SIZE       =   ----    ----
   DATA SIZE        =   ----      10
   IDATA SIZE       =   ----    ----
   BIT SIZE         =   ----    ----
END OF MODULE INFORMATION.


C51 COMPILATION COMPLETE.  0 WARNING(S),  0 ERROR(S)
